// Jest Snapshot v1, https://goo.gl/fbAQLP

exports[`Given the QuickAddPage should match the snapshot by default props 1`] = `
<Box>
  Here will be the QuickAddPage
</Box>
`;
